Archive member included because of file (symbol)

d:/diploma/atef/user library/zadic/imt_sdk_win_64/winavr/bin/../lib/gcc/avr/4.3.3/avr5\libgcc.a(_udivmodhi4.o)
                              ./HAL/LCD/LCD_prog.o (__udivmodhi4)
d:/diploma/atef/user library/zadic/imt_sdk_win_64/winavr/bin/../lib/gcc/avr/4.3.3/avr5\libgcc.a(_divmodhi4.o)
                              ./main.o (__divmodhi4)
d:/diploma/atef/user library/zadic/imt_sdk_win_64/winavr/bin/../lib/gcc/avr/4.3.3/avr5\libgcc.a(_exit.o)
                              d:/diploma/atef/user library/zadic/imt_sdk_win_64/winavr/bin/../lib/gcc/avr/4.3.3/../../../../avr/lib/avr5/crtm32.o (exit)
d:/diploma/atef/user library/zadic/imt_sdk_win_64/winavr/bin/../lib/gcc/avr/4.3.3/avr5\libgcc.a(_copy_data.o)
                              ./HAL/KPD/KPD_Prog.o (__do_copy_data)
d:/diploma/atef/user library/zadic/imt_sdk_win_64/winavr/bin/../lib/gcc/avr/4.3.3/avr5\libgcc.a(_clear_bss.o)
                              ./HAL/LCD/LCD_prog.o (__do_clear_bss)
d:/diploma/atef/user library/zadic/imt_sdk_win_64/winavr/bin/../lib/gcc/avr/4.3.3/avr5\libgcc.a(_fixunssfsi.o)
                              ./HAL/LCD/LCD_prog.o (__fixunssfsi)
d:/diploma/atef/user library/zadic/imt_sdk_win_64/winavr/bin/../lib/gcc/avr/4.3.3/avr5\libgcc.a(_divdi3.o)
                              ./HAL/LCD/LCD_prog.o (__divdi3)
d:/diploma/atef/user library/zadic/imt_sdk_win_64/winavr/bin/../lib/gcc/avr/4.3.3/avr5\libgcc.a(_moddi3.o)
                              ./HAL/LCD/LCD_prog.o (__moddi3)
d:/diploma/atef/user library/zadic/imt_sdk_win_64/winavr/bin/../lib/gcc/avr/4.3.3/avr5\libgcc.a(_addsub_sf.o)
                              d:/diploma/atef/user library/zadic/imt_sdk_win_64/winavr/bin/../lib/gcc/avr/4.3.3/avr5\libgcc.a(_fixunssfsi.o) (__subsf3)
d:/diploma/atef/user library/zadic/imt_sdk_win_64/winavr/bin/../lib/gcc/avr/4.3.3/avr5\libgcc.a(_mul_sf.o)
                              ./HAL/LCD/LCD_prog.o (__mulsf3)
d:/diploma/atef/user library/zadic/imt_sdk_win_64/winavr/bin/../lib/gcc/avr/4.3.3/avr5\libgcc.a(_gt_sf.o)
                              ./HAL/LCD/LCD_prog.o (__gtsf2)
d:/diploma/atef/user library/zadic/imt_sdk_win_64/winavr/bin/../lib/gcc/avr/4.3.3/avr5\libgcc.a(_ge_sf.o)
                              d:/diploma/atef/user library/zadic/imt_sdk_win_64/winavr/bin/../lib/gcc/avr/4.3.3/avr5\libgcc.a(_fixunssfsi.o) (__gesf2)
d:/diploma/atef/user library/zadic/imt_sdk_win_64/winavr/bin/../lib/gcc/avr/4.3.3/avr5\libgcc.a(_lt_sf.o)
                              ./HAL/LCD/LCD_prog.o (__ltsf2)
d:/diploma/atef/user library/zadic/imt_sdk_win_64/winavr/bin/../lib/gcc/avr/4.3.3/avr5\libgcc.a(_sf_to_si.o)
                              d:/diploma/atef/user library/zadic/imt_sdk_win_64/winavr/bin/../lib/gcc/avr/4.3.3/avr5\libgcc.a(_fixunssfsi.o) (__fixsfsi)
d:/diploma/atef/user library/zadic/imt_sdk_win_64/winavr/bin/../lib/gcc/avr/4.3.3/avr5\libgcc.a(_thenan_sf.o)
                              d:/diploma/atef/user library/zadic/imt_sdk_win_64/winavr/bin/../lib/gcc/avr/4.3.3/avr5\libgcc.a(_addsub_sf.o) (__thenan_sf)
d:/diploma/atef/user library/zadic/imt_sdk_win_64/winavr/bin/../lib/gcc/avr/4.3.3/avr5\libgcc.a(_mulsi3.o)
                              d:/diploma/atef/user library/zadic/imt_sdk_win_64/winavr/bin/../lib/gcc/avr/4.3.3/avr5\libgcc.a(_divdi3.o) (__mulsi3)
d:/diploma/atef/user library/zadic/imt_sdk_win_64/winavr/bin/../lib/gcc/avr/4.3.3/avr5\libgcc.a(_udivmodsi4.o)
                              d:/diploma/atef/user library/zadic/imt_sdk_win_64/winavr/bin/../lib/gcc/avr/4.3.3/avr5\libgcc.a(_divdi3.o) (__udivmodsi4)
d:/diploma/atef/user library/zadic/imt_sdk_win_64/winavr/bin/../lib/gcc/avr/4.3.3/avr5\libgcc.a(_prologue.o)
                              d:/diploma/atef/user library/zadic/imt_sdk_win_64/winavr/bin/../lib/gcc/avr/4.3.3/avr5\libgcc.a(_divdi3.o) (__prologue_saves__)
d:/diploma/atef/user library/zadic/imt_sdk_win_64/winavr/bin/../lib/gcc/avr/4.3.3/avr5\libgcc.a(_epilogue.o)
                              d:/diploma/atef/user library/zadic/imt_sdk_win_64/winavr/bin/../lib/gcc/avr/4.3.3/avr5\libgcc.a(_divdi3.o) (__epilogue_restores__)
d:/diploma/atef/user library/zadic/imt_sdk_win_64/winavr/bin/../lib/gcc/avr/4.3.3/avr5\libgcc.a(_clz.o)
                              d:/diploma/atef/user library/zadic/imt_sdk_win_64/winavr/bin/../lib/gcc/avr/4.3.3/avr5\libgcc.a(_divdi3.o) (__clz_tab)
d:/diploma/atef/user library/zadic/imt_sdk_win_64/winavr/bin/../lib/gcc/avr/4.3.3/avr5\libgcc.a(_pack_sf.o)
                              d:/diploma/atef/user library/zadic/imt_sdk_win_64/winavr/bin/../lib/gcc/avr/4.3.3/avr5\libgcc.a(_addsub_sf.o) (__pack_f)
d:/diploma/atef/user library/zadic/imt_sdk_win_64/winavr/bin/../lib/gcc/avr/4.3.3/avr5\libgcc.a(_unpack_sf.o)
                              d:/diploma/atef/user library/zadic/imt_sdk_win_64/winavr/bin/../lib/gcc/avr/4.3.3/avr5\libgcc.a(_addsub_sf.o) (__unpack_f)
d:/diploma/atef/user library/zadic/imt_sdk_win_64/winavr/bin/../lib/gcc/avr/4.3.3/avr5\libgcc.a(_fpcmp_parts_sf.o)
                              d:/diploma/atef/user library/zadic/imt_sdk_win_64/winavr/bin/../lib/gcc/avr/4.3.3/avr5\libgcc.a(_gt_sf.o) (__fpcmp_parts_f)

Memory Configuration

Name             Origin             Length             Attributes
text             0x00000000         0x00020000         xr
data             0x00800060         0x0000ffa0         rw !x
eeprom           0x00810000         0x00010000         rw !x
fuse             0x00820000         0x00000400         rw !x
lock             0x00830000         0x00000400         rw !x
signature        0x00840000         0x00000400         rw !x
*default*        0x00000000         0xffffffff

Linker script and memory map

LOAD d:/diploma/atef/user library/zadic/imt_sdk_win_64/winavr/bin/../lib/gcc/avr/4.3.3/../../../../avr/lib/avr5/crtm32.o
LOAD ./MCAL/DIO/DIO_Program.o
LOAD ./HAL/LCD/LCD_prog.o
LOAD ./HAL/KPD/KPD_Prog.o
LOAD ./main.o
LOAD d:/diploma/atef/user library/zadic/imt_sdk_win_64/winavr/bin/../lib/gcc/avr/4.3.3/avr5\libgcc.a
LOAD d:/diploma/atef/user library/zadic/imt_sdk_win_64/winavr/bin/../lib/gcc/avr/4.3.3/../../../../avr/lib/avr5\libc.a
LOAD d:/diploma/atef/user library/zadic/imt_sdk_win_64/winavr/bin/../lib/gcc/avr/4.3.3/avr5\libgcc.a

.hash
 *(.hash)

.dynsym
 *(.dynsym)

.dynstr
 *(.dynstr)

.gnu.version
 *(.gnu.version)

.gnu.version_d
 *(.gnu.version_d)

.gnu.version_r
 *(.gnu.version_r)

.rel.init
 *(.rel.init)

.rela.init
 *(.rela.init)

.rel.text
 *(.rel.text)
 *(.rel.text.*)
 *(.rel.gnu.linkonce.t*)

.rela.text
 *(.rela.text)
 *(.rela.text.*)
 *(.rela.gnu.linkonce.t*)

.rel.fini
 *(.rel.fini)

.rela.fini
 *(.rela.fini)

.rel.rodata
 *(.rel.rodata)
 *(.rel.rodata.*)
 *(.rel.gnu.linkonce.r*)

.rela.rodata
 *(.rela.rodata)
 *(.rela.rodata.*)
 *(.rela.gnu.linkonce.r*)

.rel.data
 *(.rel.data)
 *(.rel.data.*)
 *(.rel.gnu.linkonce.d*)

.rela.data
 *(.rela.data)
 *(.rela.data.*)
 *(.rela.gnu.linkonce.d*)

.rel.ctors
 *(.rel.ctors)

.rela.ctors
 *(.rela.ctors)

.rel.dtors
 *(.rel.dtors)

.rela.dtors
 *(.rela.dtors)

.rel.got
 *(.rel.got)

.rela.got
 *(.rela.got)

.rel.bss
 *(.rel.bss)

.rela.bss
 *(.rela.bss)

.rel.plt
 *(.rel.plt)

.rela.plt
 *(.rela.plt)

.text           0x00000000     0x4366
 *(.vectors)
 .vectors       0x00000000       0x54 d:/diploma/atef/user library/zadic/imt_sdk_win_64/winavr/bin/../lib/gcc/avr/4.3.3/../../../../avr/lib/avr5/crtm32.o
                0x00000000                __vectors
                0x00000000                __vector_default
 *(.vectors)
 *(.progmem.gcc*)
 *(.progmem*)
                0x00000054                . = ALIGN (0x2)
                0x00000054                __trampolines_start = .
 *(.trampolines)
 .trampolines   0x00000054        0x0 linker stubs
 *(.trampolines*)
                0x00000054                __trampolines_end = .
 *(.jumptables)
 *(.jumptables*)
 *(.lowtext)
 *(.lowtext*)
                0x00000054                __ctors_start = .
 *(.ctors)
                0x00000054                __ctors_end = .
                0x00000054                __dtors_start = .
 *(.dtors)
                0x00000054                __dtors_end = .
 SORT(*)(.ctors)
 SORT(*)(.dtors)
 *(.init0)
 .init0         0x00000054        0x0 d:/diploma/atef/user library/zadic/imt_sdk_win_64/winavr/bin/../lib/gcc/avr/4.3.3/../../../../avr/lib/avr5/crtm32.o
                0x00000054                __init
 *(.init0)
 *(.init1)
 *(.init1)
 *(.init2)
 .init2         0x00000054        0xc d:/diploma/atef/user library/zadic/imt_sdk_win_64/winavr/bin/../lib/gcc/avr/4.3.3/../../../../avr/lib/avr5/crtm32.o
 *(.init2)
 *(.init3)
 *(.init3)
 *(.init4)
 .init4         0x00000060       0x16 d:/diploma/atef/user library/zadic/imt_sdk_win_64/winavr/bin/../lib/gcc/avr/4.3.3/avr5\libgcc.a(_copy_data.o)
                0x00000060                __do_copy_data
 .init4         0x00000076       0x10 d:/diploma/atef/user library/zadic/imt_sdk_win_64/winavr/bin/../lib/gcc/avr/4.3.3/avr5\libgcc.a(_clear_bss.o)
                0x00000076                __do_clear_bss
 *(.init4)
 *(.init5)
 *(.init5)
 *(.init6)
 *(.init6)
 *(.init7)
 *(.init7)
 *(.init8)
 *(.init8)
 *(.init9)
 .init9         0x00000086        0x8 d:/diploma/atef/user library/zadic/imt_sdk_win_64/winavr/bin/../lib/gcc/avr/4.3.3/../../../../avr/lib/avr5/crtm32.o
 *(.init9)
 *(.text)
 .text          0x0000008e        0x4 d:/diploma/atef/user library/zadic/imt_sdk_win_64/winavr/bin/../lib/gcc/avr/4.3.3/../../../../avr/lib/avr5/crtm32.o
                0x0000008e                __vector_1
                0x0000008e                __vector_12
                0x0000008e                __bad_interrupt
                0x0000008e                __vector_6
                0x0000008e                __vector_3
                0x0000008e                __vector_11
                0x0000008e                __vector_13
                0x0000008e                __vector_17
                0x0000008e                __vector_19
                0x0000008e                __vector_7
                0x0000008e                __vector_5
                0x0000008e                __vector_4
                0x0000008e                __vector_9
                0x0000008e                __vector_2
                0x0000008e                __vector_15
                0x0000008e                __vector_8
                0x0000008e                __vector_14
                0x0000008e                __vector_10
                0x0000008e                __vector_16
                0x0000008e                __vector_18
                0x0000008e                __vector_20
 .text          0x00000092        0x0 ./MCAL/DIO/DIO_Program.o
 .text          0x00000092        0x0 ./HAL/LCD/LCD_prog.o
 .text          0x00000092        0x0 ./HAL/KPD/KPD_Prog.o
 .text          0x00000092        0x0 ./main.o
 .text          0x00000092        0x0 d:/diploma/atef/user library/zadic/imt_sdk_win_64/winavr/bin/../lib/gcc/avr/4.3.3/avr5\libgcc.a(_udivmodhi4.o)
 .text          0x00000092        0x0 d:/diploma/atef/user library/zadic/imt_sdk_win_64/winavr/bin/../lib/gcc/avr/4.3.3/avr5\libgcc.a(_divmodhi4.o)
 .text          0x00000092        0x0 d:/diploma/atef/user library/zadic/imt_sdk_win_64/winavr/bin/../lib/gcc/avr/4.3.3/avr5\libgcc.a(_exit.o)
 .text          0x00000092        0x0 d:/diploma/atef/user library/zadic/imt_sdk_win_64/winavr/bin/../lib/gcc/avr/4.3.3/avr5\libgcc.a(_copy_data.o)
 .text          0x00000092        0x0 d:/diploma/atef/user library/zadic/imt_sdk_win_64/winavr/bin/../lib/gcc/avr/4.3.3/avr5\libgcc.a(_clear_bss.o)
 .text          0x00000092       0x58 d:/diploma/atef/user library/zadic/imt_sdk_win_64/winavr/bin/../lib/gcc/avr/4.3.3/avr5\libgcc.a(_fixunssfsi.o)
                0x00000092                __fixunssfsi
 .text          0x000000ea     0x1050 d:/diploma/atef/user library/zadic/imt_sdk_win_64/winavr/bin/../lib/gcc/avr/4.3.3/avr5\libgcc.a(_divdi3.o)
                0x000000ea                __divdi3
 .text          0x0000113a     0x107a d:/diploma/atef/user library/zadic/imt_sdk_win_64/winavr/bin/../lib/gcc/avr/4.3.3/avr5\libgcc.a(_moddi3.o)
                0x0000113a                __moddi3
 .text          0x000021b4      0x354 d:/diploma/atef/user library/zadic/imt_sdk_win_64/winavr/bin/../lib/gcc/avr/4.3.3/avr5\libgcc.a(_addsub_sf.o)
                0x0000244c                __subsf3
                0x000024ae                __addsf3
 .text          0x00002508      0x1f4 d:/diploma/atef/user library/zadic/imt_sdk_win_64/winavr/bin/../lib/gcc/avr/4.3.3/avr5\libgcc.a(_mul_sf.o)
                0x00002508                __mulsf3
 .text          0x000026fc       0x60 d:/diploma/atef/user library/zadic/imt_sdk_win_64/winavr/bin/../lib/gcc/avr/4.3.3/avr5\libgcc.a(_gt_sf.o)
                0x000026fc                __gtsf2
 .text          0x0000275c       0x60 d:/diploma/atef/user library/zadic/imt_sdk_win_64/winavr/bin/../lib/gcc/avr/4.3.3/avr5\libgcc.a(_ge_sf.o)
                0x0000275c                __gesf2
 .text          0x000027bc       0x60 d:/diploma/atef/user library/zadic/imt_sdk_win_64/winavr/bin/../lib/gcc/avr/4.3.3/avr5\libgcc.a(_lt_sf.o)
                0x000027bc                __ltsf2
 .text          0x0000281c       0xa8 d:/diploma/atef/user library/zadic/imt_sdk_win_64/winavr/bin/../lib/gcc/avr/4.3.3/avr5\libgcc.a(_sf_to_si.o)
                0x0000281c                __fixsfsi
 .text          0x000028c4        0x0 d:/diploma/atef/user library/zadic/imt_sdk_win_64/winavr/bin/../lib/gcc/avr/4.3.3/avr5\libgcc.a(_thenan_sf.o)
 .text          0x000028c4        0x0 d:/diploma/atef/user library/zadic/imt_sdk_win_64/winavr/bin/../lib/gcc/avr/4.3.3/avr5\libgcc.a(_mulsi3.o)
 .text          0x000028c4        0x0 d:/diploma/atef/user library/zadic/imt_sdk_win_64/winavr/bin/../lib/gcc/avr/4.3.3/avr5\libgcc.a(_udivmodsi4.o)
 .text          0x000028c4        0x0 d:/diploma/atef/user library/zadic/imt_sdk_win_64/winavr/bin/../lib/gcc/avr/4.3.3/avr5\libgcc.a(_prologue.o)
 .text          0x000028c4        0x0 d:/diploma/atef/user library/zadic/imt_sdk_win_64/winavr/bin/../lib/gcc/avr/4.3.3/avr5\libgcc.a(_epilogue.o)
 .text          0x000028c4        0x0 d:/diploma/atef/user library/zadic/imt_sdk_win_64/winavr/bin/../lib/gcc/avr/4.3.3/avr5\libgcc.a(_clz.o)
 .text          0x000028c4      0x1aa d:/diploma/atef/user library/zadic/imt_sdk_win_64/winavr/bin/../lib/gcc/avr/4.3.3/avr5\libgcc.a(_pack_sf.o)
                0x000028c4                __pack_f
 .text          0x00002a6e       0xf0 d:/diploma/atef/user library/zadic/imt_sdk_win_64/winavr/bin/../lib/gcc/avr/4.3.3/avr5\libgcc.a(_unpack_sf.o)
                0x00002a6e                __unpack_f
 .text          0x00002b5e       0xb2 d:/diploma/atef/user library/zadic/imt_sdk_win_64/winavr/bin/../lib/gcc/avr/4.3.3/avr5\libgcc.a(_fpcmp_parts_sf.o)
                0x00002b5e                __fpcmp_parts_f
                0x00002c10                . = ALIGN (0x2)
 *(.text.*)
 .text.DIO_Vid_SetPinDirection
                0x00002c10      0x200 ./MCAL/DIO/DIO_Program.o
                0x00002c10                DIO_Vid_SetPinDirection
 .text.DIO_Vid_SetPinValue
                0x00002e10      0x200 ./MCAL/DIO/DIO_Program.o
                0x00002e10                DIO_Vid_SetPinValue
 .text.DIO_Vid_GetPinValue
                0x00003010      0x108 ./MCAL/DIO/DIO_Program.o
                0x00003010                DIO_Vid_GetPinValue
 .text.DIO_Vid_SetPortDirection
                0x00003118       0xf2 ./MCAL/DIO/DIO_Program.o
                0x00003118                DIO_Vid_SetPortDirection
 .text.DIO_Vid_SetPortValue
                0x0000320a       0x82 ./MCAL/DIO/DIO_Program.o
                0x0000320a                DIO_Vid_SetPortValue
 .text.DIO_Vid_GetPportValue
                0x0000328c       0x98 ./MCAL/DIO/DIO_Program.o
                0x0000328c                DIO_Vid_GetPportValue
 .text.DIO_ConnectedPullUp
                0x00003324       0x1e ./MCAL/DIO/DIO_Program.o
                0x00003324                DIO_ConnectedPullUp
 .text.LCD_vid_SendData
                0x00003342      0x13c ./HAL/LCD/LCD_prog.o
                0x00003342                LCD_vid_SendData
 .text.LCD_vid_SendCmd
                0x0000347e      0x13c ./HAL/LCD/LCD_prog.o
                0x0000347e                LCD_vid_SendCmd
 .text.LCD_Vid_Init
                0x000035ba      0x200 ./HAL/LCD/LCD_prog.o
                0x000035ba                LCD_Vid_Init
 .text.LCD_vid_DisplayClear
                0x000037ba       0x14 ./HAL/LCD/LCD_prog.o
                0x000037ba                LCD_vid_DisplayClear
 .text.LCD_vid_GoTo
                0x000037ce       0x2c ./HAL/LCD/LCD_prog.o
                0x000037ce                LCD_vid_GoTo
 .text.LCD_VidSendSpecaialChar
                0x000037fa       0x80 ./HAL/LCD/LCD_prog.o
                0x000037fa                LCD_VidSendSpecaialChar
 .text.LCD_vid_SendInt
                0x0000387a       0x48 ./HAL/LCD/LCD_prog.o
                0x0000387a                LCD_vid_SendInt
 .text.LCD_VidSendIntNumber
                0x000038c2      0x3ac ./HAL/LCD/LCD_prog.o
                0x000038c2                LCD_VidSendIntNumber
 .text.LCD_vid_SendString
                0x00003c6e       0x38 ./HAL/LCD/LCD_prog.o
                0x00003c6e                LCD_vid_SendString
 .text.Keypad_Init
                0x00003ca6       0x38 ./HAL/KPD/KPD_Prog.o
                0x00003ca6                Keypad_Init
 .text.Keypad_u8GetPressedKey
                0x00003cde      0x21e ./HAL/KPD/KPD_Prog.o
                0x00003cde                Keypad_u8GetPressedKey
 .text.main     0x00003efc      0x328 ./main.o
                0x00003efc                main
 .text.libgcc   0x00004224       0x28 d:/diploma/atef/user library/zadic/imt_sdk_win_64/winavr/bin/../lib/gcc/avr/4.3.3/avr5\libgcc.a(_udivmodhi4.o)
                0x00004224                __udivmodhi4
 .text.libgcc   0x0000424c       0x26 d:/diploma/atef/user library/zadic/imt_sdk_win_64/winavr/bin/../lib/gcc/avr/4.3.3/avr5\libgcc.a(_divmodhi4.o)
                0x0000424c                __divmodhi4
                0x0000424c                _div
 .text.libgcc   0x00004272        0x0 d:/diploma/atef/user library/zadic/imt_sdk_win_64/winavr/bin/../lib/gcc/avr/4.3.3/avr5\libgcc.a(_exit.o)
 .text.libgcc   0x00004272        0x0 d:/diploma/atef/user library/zadic/imt_sdk_win_64/winavr/bin/../lib/gcc/avr/4.3.3/avr5\libgcc.a(_copy_data.o)
 .text.libgcc   0x00004272        0x0 d:/diploma/atef/user library/zadic/imt_sdk_win_64/winavr/bin/../lib/gcc/avr/4.3.3/avr5\libgcc.a(_clear_bss.o)
 .text.libgcc   0x00004272       0x3e d:/diploma/atef/user library/zadic/imt_sdk_win_64/winavr/bin/../lib/gcc/avr/4.3.3/avr5\libgcc.a(_mulsi3.o)
                0x00004272                __mulsi3
 .text.libgcc   0x000042b0       0x44 d:/diploma/atef/user library/zadic/imt_sdk_win_64/winavr/bin/../lib/gcc/avr/4.3.3/avr5\libgcc.a(_udivmodsi4.o)
                0x000042b0                __udivmodsi4
 .text.libgcc   0x000042f4       0x38 d:/diploma/atef/user library/zadic/imt_sdk_win_64/winavr/bin/../lib/gcc/avr/4.3.3/avr5\libgcc.a(_prologue.o)
                0x000042f4                __prologue_saves__
 .text.libgcc   0x0000432c       0x36 d:/diploma/atef/user library/zadic/imt_sdk_win_64/winavr/bin/../lib/gcc/avr/4.3.3/avr5\libgcc.a(_epilogue.o)
                0x0000432c                __epilogue_restores__
                0x00004362                . = ALIGN (0x2)
 *(.fini9)
 .fini9         0x00004362        0x0 d:/diploma/atef/user library/zadic/imt_sdk_win_64/winavr/bin/../lib/gcc/avr/4.3.3/avr5\libgcc.a(_exit.o)
                0x00004362                exit
                0x00004362                _exit
 *(.fini9)
 *(.fini8)
 *(.fini8)
 *(.fini7)
 *(.fini7)
 *(.fini6)
 *(.fini6)
 *(.fini5)
 *(.fini5)
 *(.fini4)
 *(.fini4)
 *(.fini3)
 *(.fini3)
 *(.fini2)
 *(.fini2)
 *(.fini1)
 *(.fini1)
 *(.fini0)
 .fini0         0x00004362        0x4 d:/diploma/atef/user library/zadic/imt_sdk_win_64/winavr/bin/../lib/gcc/avr/4.3.3/avr5\libgcc.a(_exit.o)
 *(.fini0)
                0x00004366                _etext = .

.data           0x00800060      0x13c load address 0x00004366
                0x00800060                PROVIDE (__data_start, .)
 *(.data)
 .data          0x00800060        0x0 d:/diploma/atef/user library/zadic/imt_sdk_win_64/winavr/bin/../lib/gcc/avr/4.3.3/../../../../avr/lib/avr5/crtm32.o
 .data          0x00800060        0x0 ./MCAL/DIO/DIO_Program.o
 .data          0x00800060        0x0 ./HAL/LCD/LCD_prog.o
 .data          0x00800060        0x0 ./HAL/KPD/KPD_Prog.o
 .data          0x00800060       0x1b ./main.o
 .data          0x0080007b        0x0 d:/diploma/atef/user library/zadic/imt_sdk_win_64/winavr/bin/../lib/gcc/avr/4.3.3/avr5\libgcc.a(_udivmodhi4.o)
 .data          0x0080007b        0x0 d:/diploma/atef/user library/zadic/imt_sdk_win_64/winavr/bin/../lib/gcc/avr/4.3.3/avr5\libgcc.a(_divmodhi4.o)
 .data          0x0080007b        0x0 d:/diploma/atef/user library/zadic/imt_sdk_win_64/winavr/bin/../lib/gcc/avr/4.3.3/avr5\libgcc.a(_exit.o)
 .data          0x0080007b        0x0 d:/diploma/atef/user library/zadic/imt_sdk_win_64/winavr/bin/../lib/gcc/avr/4.3.3/avr5\libgcc.a(_copy_data.o)
 .data          0x0080007b        0x0 d:/diploma/atef/user library/zadic/imt_sdk_win_64/winavr/bin/../lib/gcc/avr/4.3.3/avr5\libgcc.a(_clear_bss.o)
 .data          0x0080007b        0x0 d:/diploma/atef/user library/zadic/imt_sdk_win_64/winavr/bin/../lib/gcc/avr/4.3.3/avr5\libgcc.a(_fixunssfsi.o)
 .data          0x0080007b        0x0 d:/diploma/atef/user library/zadic/imt_sdk_win_64/winavr/bin/../lib/gcc/avr/4.3.3/avr5\libgcc.a(_divdi3.o)
 .data          0x0080007b        0x0 d:/diploma/atef/user library/zadic/imt_sdk_win_64/winavr/bin/../lib/gcc/avr/4.3.3/avr5\libgcc.a(_moddi3.o)
 .data          0x0080007b        0x0 d:/diploma/atef/user library/zadic/imt_sdk_win_64/winavr/bin/../lib/gcc/avr/4.3.3/avr5\libgcc.a(_addsub_sf.o)
 .data          0x0080007b        0x0 d:/diploma/atef/user library/zadic/imt_sdk_win_64/winavr/bin/../lib/gcc/avr/4.3.3/avr5\libgcc.a(_mul_sf.o)
 .data          0x0080007b        0x0 d:/diploma/atef/user library/zadic/imt_sdk_win_64/winavr/bin/../lib/gcc/avr/4.3.3/avr5\libgcc.a(_gt_sf.o)
 .data          0x0080007b        0x0 d:/diploma/atef/user library/zadic/imt_sdk_win_64/winavr/bin/../lib/gcc/avr/4.3.3/avr5\libgcc.a(_ge_sf.o)
 .data          0x0080007b        0x0 d:/diploma/atef/user library/zadic/imt_sdk_win_64/winavr/bin/../lib/gcc/avr/4.3.3/avr5\libgcc.a(_lt_sf.o)
 .data          0x0080007b        0x0 d:/diploma/atef/user library/zadic/imt_sdk_win_64/winavr/bin/../lib/gcc/avr/4.3.3/avr5\libgcc.a(_sf_to_si.o)
 .data          0x0080007b        0x8 d:/diploma/atef/user library/zadic/imt_sdk_win_64/winavr/bin/../lib/gcc/avr/4.3.3/avr5\libgcc.a(_thenan_sf.o)
                0x0080007b                __thenan_sf
 .data          0x00800083        0x0 d:/diploma/atef/user library/zadic/imt_sdk_win_64/winavr/bin/../lib/gcc/avr/4.3.3/avr5\libgcc.a(_mulsi3.o)
 .data          0x00800083        0x0 d:/diploma/atef/user library/zadic/imt_sdk_win_64/winavr/bin/../lib/gcc/avr/4.3.3/avr5\libgcc.a(_udivmodsi4.o)
 .data          0x00800083        0x0 d:/diploma/atef/user library/zadic/imt_sdk_win_64/winavr/bin/../lib/gcc/avr/4.3.3/avr5\libgcc.a(_prologue.o)
 .data          0x00800083        0x0 d:/diploma/atef/user library/zadic/imt_sdk_win_64/winavr/bin/../lib/gcc/avr/4.3.3/avr5\libgcc.a(_epilogue.o)
 .data          0x00800083      0x100 d:/diploma/atef/user library/zadic/imt_sdk_win_64/winavr/bin/../lib/gcc/avr/4.3.3/avr5\libgcc.a(_clz.o)
                0x00800083                __clz_tab
 .data          0x00800183        0x0 d:/diploma/atef/user library/zadic/imt_sdk_win_64/winavr/bin/../lib/gcc/avr/4.3.3/avr5\libgcc.a(_pack_sf.o)
 .data          0x00800183        0x0 d:/diploma/atef/user library/zadic/imt_sdk_win_64/winavr/bin/../lib/gcc/avr/4.3.3/avr5\libgcc.a(_unpack_sf.o)
 .data          0x00800183        0x0 d:/diploma/atef/user library/zadic/imt_sdk_win_64/winavr/bin/../lib/gcc/avr/4.3.3/avr5\libgcc.a(_fpcmp_parts_sf.o)
 *(.data*)
 .data.Col_Arr  0x00800183        0x4 ./HAL/KPD/KPD_Prog.o
                0x00800183                Col_Arr
 .data.Row_Arr  0x00800187        0x4 ./HAL/KPD/KPD_Prog.o
                0x00800187                Row_Arr
 *(.rodata)
 *(.rodata*)
 .rodata.C.0.1343
                0x0080018b       0x10 ./HAL/KPD/KPD_Prog.o
 *(.gnu.linkonce.d*)
                0x0080019c                . = ALIGN (0x2)
 *fill*         0x0080019b        0x1 00
                0x0080019c                _edata = .
                0x0080019c                PROVIDE (__data_end, .)

.bss            0x0080019c        0x1
                0x0080019c                PROVIDE (__bss_start, .)
 *(.bss)
 .bss           0x0080019c        0x0 d:/diploma/atef/user library/zadic/imt_sdk_win_64/winavr/bin/../lib/gcc/avr/4.3.3/../../../../avr/lib/avr5/crtm32.o
 .bss           0x0080019c        0x0 ./MCAL/DIO/DIO_Program.o
 .bss           0x0080019c        0x0 ./HAL/LCD/LCD_prog.o
 .bss           0x0080019c        0x0 ./HAL/KPD/KPD_Prog.o
 .bss           0x0080019c        0x0 ./main.o
 .bss           0x0080019c        0x0 d:/diploma/atef/user library/zadic/imt_sdk_win_64/winavr/bin/../lib/gcc/avr/4.3.3/avr5\libgcc.a(_udivmodhi4.o)
 .bss           0x0080019c        0x0 d:/diploma/atef/user library/zadic/imt_sdk_win_64/winavr/bin/../lib/gcc/avr/4.3.3/avr5\libgcc.a(_divmodhi4.o)
 .bss           0x0080019c        0x0 d:/diploma/atef/user library/zadic/imt_sdk_win_64/winavr/bin/../lib/gcc/avr/4.3.3/avr5\libgcc.a(_exit.o)
 .bss           0x0080019c        0x0 d:/diploma/atef/user library/zadic/imt_sdk_win_64/winavr/bin/../lib/gcc/avr/4.3.3/avr5\libgcc.a(_copy_data.o)
 .bss           0x0080019c        0x0 d:/diploma/atef/user library/zadic/imt_sdk_win_64/winavr/bin/../lib/gcc/avr/4.3.3/avr5\libgcc.a(_clear_bss.o)
 .bss           0x0080019c        0x0 d:/diploma/atef/user library/zadic/imt_sdk_win_64/winavr/bin/../lib/gcc/avr/4.3.3/avr5\libgcc.a(_fixunssfsi.o)
 .bss           0x0080019c        0x0 d:/diploma/atef/user library/zadic/imt_sdk_win_64/winavr/bin/../lib/gcc/avr/4.3.3/avr5\libgcc.a(_divdi3.o)
 .bss           0x0080019c        0x0 d:/diploma/atef/user library/zadic/imt_sdk_win_64/winavr/bin/../lib/gcc/avr/4.3.3/avr5\libgcc.a(_moddi3.o)
 .bss           0x0080019c        0x0 d:/diploma/atef/user library/zadic/imt_sdk_win_64/winavr/bin/../lib/gcc/avr/4.3.3/avr5\libgcc.a(_addsub_sf.o)
 .bss           0x0080019c        0x0 d:/diploma/atef/user library/zadic/imt_sdk_win_64/winavr/bin/../lib/gcc/avr/4.3.3/avr5\libgcc.a(_mul_sf.o)
 .bss           0x0080019c        0x0 d:/diploma/atef/user library/zadic/imt_sdk_win_64/winavr/bin/../lib/gcc/avr/4.3.3/avr5\libgcc.a(_gt_sf.o)
 .bss           0x0080019c        0x0 d:/diploma/atef/user library/zadic/imt_sdk_win_64/winavr/bin/../lib/gcc/avr/4.3.3/avr5\libgcc.a(_ge_sf.o)
 .bss           0x0080019c        0x0 d:/diploma/atef/user library/zadic/imt_sdk_win_64/winavr/bin/../lib/gcc/avr/4.3.3/avr5\libgcc.a(_lt_sf.o)
 .bss           0x0080019c        0x0 d:/diploma/atef/user library/zadic/imt_sdk_win_64/winavr/bin/../lib/gcc/avr/4.3.3/avr5\libgcc.a(_sf_to_si.o)
 .bss           0x0080019c        0x0 d:/diploma/atef/user library/zadic/imt_sdk_win_64/winavr/bin/../lib/gcc/avr/4.3.3/avr5\libgcc.a(_thenan_sf.o)
 .bss           0x0080019c        0x0 d:/diploma/atef/user library/zadic/imt_sdk_win_64/winavr/bin/../lib/gcc/avr/4.3.3/avr5\libgcc.a(_mulsi3.o)
 .bss           0x0080019c        0x0 d:/diploma/atef/user library/zadic/imt_sdk_win_64/winavr/bin/../lib/gcc/avr/4.3.3/avr5\libgcc.a(_udivmodsi4.o)
 .bss           0x0080019c        0x0 d:/diploma/atef/user library/zadic/imt_sdk_win_64/winavr/bin/../lib/gcc/avr/4.3.3/avr5\libgcc.a(_prologue.o)
 .bss           0x0080019c        0x0 d:/diploma/atef/user library/zadic/imt_sdk_win_64/winavr/bin/../lib/gcc/avr/4.3.3/avr5\libgcc.a(_epilogue.o)
 .bss           0x0080019c        0x0 d:/diploma/atef/user library/zadic/imt_sdk_win_64/winavr/bin/../lib/gcc/avr/4.3.3/avr5\libgcc.a(_clz.o)
 .bss           0x0080019c        0x0 d:/diploma/atef/user library/zadic/imt_sdk_win_64/winavr/bin/../lib/gcc/avr/4.3.3/avr5\libgcc.a(_pack_sf.o)
 .bss           0x0080019c        0x0 d:/diploma/atef/user library/zadic/imt_sdk_win_64/winavr/bin/../lib/gcc/avr/4.3.3/avr5\libgcc.a(_unpack_sf.o)
 .bss           0x0080019c        0x0 d:/diploma/atef/user library/zadic/imt_sdk_win_64/winavr/bin/../lib/gcc/avr/4.3.3/avr5\libgcc.a(_fpcmp_parts_sf.o)
 *(.bss*)
 .bss.i.1416    0x0080019c        0x1 ./HAL/LCD/LCD_prog.o
 *(COMMON)
                0x0080019d                PROVIDE (__bss_end, .)
                0x00004366                __data_load_start = LOADADDR (.data)
                0x000044a2                __data_load_end = (__data_load_start + SIZEOF (.data))

.noinit         0x0080019d        0x0
                0x0080019d                PROVIDE (__noinit_start, .)
 *(.noinit*)
                0x0080019d                PROVIDE (__noinit_end, .)
                0x0080019d                _end = .
                0x0080019d                PROVIDE (__heap_start, .)

.eeprom         0x00810000        0x0
 *(.eeprom*)
                0x00810000                __eeprom_end = .

.fuse
 *(.fuse)
 *(.lfuse)
 *(.hfuse)
 *(.efuse)

.lock
 *(.lock*)

.signature
 *(.signature*)

.stab           0x00000000     0x1a58
 *(.stab)
 .stab          0x00000000      0x630 ./MCAL/DIO/DIO_Program.o
 .stab          0x00000630      0xa98 ./HAL/LCD/LCD_prog.o
                                0xaa4 (size before relaxing)
 .stab          0x000010c8      0x45c ./HAL/KPD/KPD_Prog.o
                                0x5f4 (size before relaxing)
 .stab          0x00001524      0x534 ./main.o
                                0x738 (size before relaxing)

.stabstr        0x00000000      0xf64
 *(.stabstr)
 .stabstr       0x00000000      0xf64 ./MCAL/DIO/DIO_Program.o

.stab.excl
 *(.stab.excl)

.stab.exclstr
 *(.stab.exclstr)

.stab.index
 *(.stab.index)

.stab.indexstr
 *(.stab.indexstr)

.comment
 *(.comment)

.debug
 *(.debug)

.line
 *(.line)

.debug_srcinfo
 *(.debug_srcinfo)

.debug_sfnames
 *(.debug_sfnames)

.debug_aranges  0x00000000      0x180
 *(.debug_aranges)
 .debug_aranges
                0x00000000       0x20 d:/diploma/atef/user library/zadic/imt_sdk_win_64/winavr/bin/../lib/gcc/avr/4.3.3/avr5\libgcc.a(_fixunssfsi.o)
 .debug_aranges
                0x00000020       0x20 d:/diploma/atef/user library/zadic/imt_sdk_win_64/winavr/bin/../lib/gcc/avr/4.3.3/avr5\libgcc.a(_divdi3.o)
 .debug_aranges
                0x00000040       0x20 d:/diploma/atef/user library/zadic/imt_sdk_win_64/winavr/bin/../lib/gcc/avr/4.3.3/avr5\libgcc.a(_moddi3.o)
 .debug_aranges
                0x00000060       0x20 d:/diploma/atef/user library/zadic/imt_sdk_win_64/winavr/bin/../lib/gcc/avr/4.3.3/avr5\libgcc.a(_addsub_sf.o)
 .debug_aranges
                0x00000080       0x20 d:/diploma/atef/user library/zadic/imt_sdk_win_64/winavr/bin/../lib/gcc/avr/4.3.3/avr5\libgcc.a(_mul_sf.o)
 .debug_aranges
                0x000000a0       0x20 d:/diploma/atef/user library/zadic/imt_sdk_win_64/winavr/bin/../lib/gcc/avr/4.3.3/avr5\libgcc.a(_gt_sf.o)
 .debug_aranges
                0x000000c0       0x20 d:/diploma/atef/user library/zadic/imt_sdk_win_64/winavr/bin/../lib/gcc/avr/4.3.3/avr5\libgcc.a(_ge_sf.o)
 .debug_aranges
                0x000000e0       0x20 d:/diploma/atef/user library/zadic/imt_sdk_win_64/winavr/bin/../lib/gcc/avr/4.3.3/avr5\libgcc.a(_lt_sf.o)
 .debug_aranges
                0x00000100       0x20 d:/diploma/atef/user library/zadic/imt_sdk_win_64/winavr/bin/../lib/gcc/avr/4.3.3/avr5\libgcc.a(_sf_to_si.o)
 .debug_aranges
                0x00000120       0x20 d:/diploma/atef/user library/zadic/imt_sdk_win_64/winavr/bin/../lib/gcc/avr/4.3.3/avr5\libgcc.a(_pack_sf.o)
 .debug_aranges
                0x00000140       0x20 d:/diploma/atef/user library/zadic/imt_sdk_win_64/winavr/bin/../lib/gcc/avr/4.3.3/avr5\libgcc.a(_unpack_sf.o)
 .debug_aranges
                0x00000160       0x20 d:/diploma/atef/user library/zadic/imt_sdk_win_64/winavr/bin/../lib/gcc/avr/4.3.3/avr5\libgcc.a(_fpcmp_parts_sf.o)

.debug_pubnames
                0x00000000      0x1ce
 *(.debug_pubnames)
 .debug_pubnames
                0x00000000       0x23 d:/diploma/atef/user library/zadic/imt_sdk_win_64/winavr/bin/../lib/gcc/avr/4.3.3/avr5\libgcc.a(_fixunssfsi.o)
 .debug_pubnames
                0x00000023       0x1f d:/diploma/atef/user library/zadic/imt_sdk_win_64/winavr/bin/../lib/gcc/avr/4.3.3/avr5\libgcc.a(_divdi3.o)
 .debug_pubnames
                0x00000042       0x1f d:/diploma/atef/user library/zadic/imt_sdk_win_64/winavr/bin/../lib/gcc/avr/4.3.3/avr5\libgcc.a(_moddi3.o)
 .debug_pubnames
                0x00000061       0x2c d:/diploma/atef/user library/zadic/imt_sdk_win_64/winavr/bin/../lib/gcc/avr/4.3.3/avr5\libgcc.a(_addsub_sf.o)
 .debug_pubnames
                0x0000008d       0x1f d:/diploma/atef/user library/zadic/imt_sdk_win_64/winavr/bin/../lib/gcc/avr/4.3.3/avr5\libgcc.a(_mul_sf.o)
 .debug_pubnames
                0x000000ac       0x1e d:/diploma/atef/user library/zadic/imt_sdk_win_64/winavr/bin/../lib/gcc/avr/4.3.3/avr5\libgcc.a(_gt_sf.o)
 .debug_pubnames
                0x000000ca       0x1e d:/diploma/atef/user library/zadic/imt_sdk_win_64/winavr/bin/../lib/gcc/avr/4.3.3/avr5\libgcc.a(_ge_sf.o)
 .debug_pubnames
                0x000000e8       0x1e d:/diploma/atef/user library/zadic/imt_sdk_win_64/winavr/bin/../lib/gcc/avr/4.3.3/avr5\libgcc.a(_lt_sf.o)
 .debug_pubnames
                0x00000106       0x20 d:/diploma/atef/user library/zadic/imt_sdk_win_64/winavr/bin/../lib/gcc/avr/4.3.3/avr5\libgcc.a(_sf_to_si.o)
 .debug_pubnames
                0x00000126       0x22 d:/diploma/atef/user library/zadic/imt_sdk_win_64/winavr/bin/../lib/gcc/avr/4.3.3/avr5\libgcc.a(_thenan_sf.o)
 .debug_pubnames
                0x00000148       0x20 d:/diploma/atef/user library/zadic/imt_sdk_win_64/winavr/bin/../lib/gcc/avr/4.3.3/avr5\libgcc.a(_clz.o)
 .debug_pubnames
                0x00000168       0x1f d:/diploma/atef/user library/zadic/imt_sdk_win_64/winavr/bin/../lib/gcc/avr/4.3.3/avr5\libgcc.a(_pack_sf.o)
 .debug_pubnames
                0x00000187       0x21 d:/diploma/atef/user library/zadic/imt_sdk_win_64/winavr/bin/../lib/gcc/avr/4.3.3/avr5\libgcc.a(_unpack_sf.o)
 .debug_pubnames
                0x000001a8       0x26 d:/diploma/atef/user library/zadic/imt_sdk_win_64/winavr/bin/../lib/gcc/avr/4.3.3/avr5\libgcc.a(_fpcmp_parts_sf.o)

.debug_info     0x00000000     0x2bc9
 *(.debug_info)
 .debug_info    0x00000000       0xb1 d:/diploma/atef/user library/zadic/imt_sdk_win_64/winavr/bin/../lib/gcc/avr/4.3.3/avr5\libgcc.a(_fixunssfsi.o)
 .debug_info    0x000000b1      0x756 d:/diploma/atef/user library/zadic/imt_sdk_win_64/winavr/bin/../lib/gcc/avr/4.3.3/avr5\libgcc.a(_divdi3.o)
 .debug_info    0x00000807      0x781 d:/diploma/atef/user library/zadic/imt_sdk_win_64/winavr/bin/../lib/gcc/avr/4.3.3/avr5\libgcc.a(_moddi3.o)
 .debug_info    0x00000f88      0x47a d:/diploma/atef/user library/zadic/imt_sdk_win_64/winavr/bin/../lib/gcc/avr/4.3.3/avr5\libgcc.a(_addsub_sf.o)
 .debug_info    0x00001402      0x485 d:/diploma/atef/user library/zadic/imt_sdk_win_64/winavr/bin/../lib/gcc/avr/4.3.3/avr5\libgcc.a(_mul_sf.o)
 .debug_info    0x00001887      0x27f d:/diploma/atef/user library/zadic/imt_sdk_win_64/winavr/bin/../lib/gcc/avr/4.3.3/avr5\libgcc.a(_gt_sf.o)
 .debug_info    0x00001b06      0x27f d:/diploma/atef/user library/zadic/imt_sdk_win_64/winavr/bin/../lib/gcc/avr/4.3.3/avr5\libgcc.a(_ge_sf.o)
 .debug_info    0x00001d85      0x27f d:/diploma/atef/user library/zadic/imt_sdk_win_64/winavr/bin/../lib/gcc/avr/4.3.3/avr5\libgcc.a(_lt_sf.o)
 .debug_info    0x00002004      0x2b0 d:/diploma/atef/user library/zadic/imt_sdk_win_64/winavr/bin/../lib/gcc/avr/4.3.3/avr5\libgcc.a(_sf_to_si.o)
 .debug_info    0x000022b4      0x12c d:/diploma/atef/user library/zadic/imt_sdk_win_64/winavr/bin/../lib/gcc/avr/4.3.3/avr5\libgcc.a(_thenan_sf.o)
 .debug_info    0x000023e0       0xa9 d:/diploma/atef/user library/zadic/imt_sdk_win_64/winavr/bin/../lib/gcc/avr/4.3.3/avr5\libgcc.a(_clz.o)
 .debug_info    0x00002489      0x2df d:/diploma/atef/user library/zadic/imt_sdk_win_64/winavr/bin/../lib/gcc/avr/4.3.3/avr5\libgcc.a(_pack_sf.o)
 .debug_info    0x00002768      0x251 d:/diploma/atef/user library/zadic/imt_sdk_win_64/winavr/bin/../lib/gcc/avr/4.3.3/avr5\libgcc.a(_unpack_sf.o)
 .debug_info    0x000029b9      0x210 d:/diploma/atef/user library/zadic/imt_sdk_win_64/winavr/bin/../lib/gcc/avr/4.3.3/avr5\libgcc.a(_fpcmp_parts_sf.o)
 *(.gnu.linkonce.wi.*)

.debug_abbrev   0x00000000     0x1293
 *(.debug_abbrev)
 .debug_abbrev  0x00000000       0x5d d:/diploma/atef/user library/zadic/imt_sdk_win_64/winavr/bin/../lib/gcc/avr/4.3.3/avr5\libgcc.a(_fixunssfsi.o)
 .debug_abbrev  0x0000005d      0x19f d:/diploma/atef/user library/zadic/imt_sdk_win_64/winavr/bin/../lib/gcc/avr/4.3.3/avr5\libgcc.a(_divdi3.o)
 .debug_abbrev  0x000001fc      0x19f d:/diploma/atef/user library/zadic/imt_sdk_win_64/winavr/bin/../lib/gcc/avr/4.3.3/avr5\libgcc.a(_moddi3.o)
 .debug_abbrev  0x0000039b      0x1ea d:/diploma/atef/user library/zadic/imt_sdk_win_64/winavr/bin/../lib/gcc/avr/4.3.3/avr5\libgcc.a(_addsub_sf.o)
 .debug_abbrev  0x00000585      0x21b d:/diploma/atef/user library/zadic/imt_sdk_win_64/winavr/bin/../lib/gcc/avr/4.3.3/avr5\libgcc.a(_mul_sf.o)
 .debug_abbrev  0x000007a0      0x15a d:/diploma/atef/user library/zadic/imt_sdk_win_64/winavr/bin/../lib/gcc/avr/4.3.3/avr5\libgcc.a(_gt_sf.o)
 .debug_abbrev  0x000008fa      0x15a d:/diploma/atef/user library/zadic/imt_sdk_win_64/winavr/bin/../lib/gcc/avr/4.3.3/avr5\libgcc.a(_ge_sf.o)
 .debug_abbrev  0x00000a54      0x15a d:/diploma/atef/user library/zadic/imt_sdk_win_64/winavr/bin/../lib/gcc/avr/4.3.3/avr5\libgcc.a(_lt_sf.o)
 .debug_abbrev  0x00000bae      0x17f d:/diploma/atef/user library/zadic/imt_sdk_win_64/winavr/bin/../lib/gcc/avr/4.3.3/avr5\libgcc.a(_sf_to_si.o)
 .debug_abbrev  0x00000d2d       0xad d:/diploma/atef/user library/zadic/imt_sdk_win_64/winavr/bin/../lib/gcc/avr/4.3.3/avr5\libgcc.a(_thenan_sf.o)
 .debug_abbrev  0x00000dda       0x6a d:/diploma/atef/user library/zadic/imt_sdk_win_64/winavr/bin/../lib/gcc/avr/4.3.3/avr5\libgcc.a(_clz.o)
 .debug_abbrev  0x00000e44      0x1c0 d:/diploma/atef/user library/zadic/imt_sdk_win_64/winavr/bin/../lib/gcc/avr/4.3.3/avr5\libgcc.a(_pack_sf.o)
 .debug_abbrev  0x00001004      0x154 d:/diploma/atef/user library/zadic/imt_sdk_win_64/winavr/bin/../lib/gcc/avr/4.3.3/avr5\libgcc.a(_unpack_sf.o)
 .debug_abbrev  0x00001158      0x13b d:/diploma/atef/user library/zadic/imt_sdk_win_64/winavr/bin/../lib/gcc/avr/4.3.3/avr5\libgcc.a(_fpcmp_parts_sf.o)

.debug_line     0x00000000     0x12d1
 *(.debug_line)
 .debug_line    0x00000000       0xa7 d:/diploma/atef/user library/zadic/imt_sdk_win_64/winavr/bin/../lib/gcc/avr/4.3.3/avr5\libgcc.a(_fixunssfsi.o)
 .debug_line    0x000000a7      0x228 d:/diploma/atef/user library/zadic/imt_sdk_win_64/winavr/bin/../lib/gcc/avr/4.3.3/avr5\libgcc.a(_divdi3.o)
 .debug_line    0x000002cf      0x280 d:/diploma/atef/user library/zadic/imt_sdk_win_64/winavr/bin/../lib/gcc/avr/4.3.3/avr5\libgcc.a(_moddi3.o)
 .debug_line    0x0000054f      0x2af d:/diploma/atef/user library/zadic/imt_sdk_win_64/winavr/bin/../lib/gcc/avr/4.3.3/avr5\libgcc.a(_addsub_sf.o)
 .debug_line    0x000007fe      0x239 d:/diploma/atef/user library/zadic/imt_sdk_win_64/winavr/bin/../lib/gcc/avr/4.3.3/avr5\libgcc.a(_mul_sf.o)
 .debug_line    0x00000a37       0xd3 d:/diploma/atef/user library/zadic/imt_sdk_win_64/winavr/bin/../lib/gcc/avr/4.3.3/avr5\libgcc.a(_gt_sf.o)
 .debug_line    0x00000b0a       0xd3 d:/diploma/atef/user library/zadic/imt_sdk_win_64/winavr/bin/../lib/gcc/avr/4.3.3/avr5\libgcc.a(_ge_sf.o)
 .debug_line    0x00000bdd       0xd3 d:/diploma/atef/user library/zadic/imt_sdk_win_64/winavr/bin/../lib/gcc/avr/4.3.3/avr5\libgcc.a(_lt_sf.o)
 .debug_line    0x00000cb0      0x109 d:/diploma/atef/user library/zadic/imt_sdk_win_64/winavr/bin/../lib/gcc/avr/4.3.3/avr5\libgcc.a(_sf_to_si.o)
 .debug_line    0x00000db9       0x90 d:/diploma/atef/user library/zadic/imt_sdk_win_64/winavr/bin/../lib/gcc/avr/4.3.3/avr5\libgcc.a(_thenan_sf.o)
 .debug_line    0x00000e49       0x7c d:/diploma/atef/user library/zadic/imt_sdk_win_64/winavr/bin/../lib/gcc/avr/4.3.3/avr5\libgcc.a(_clz.o)
 .debug_line    0x00000ec5      0x18a d:/diploma/atef/user library/zadic/imt_sdk_win_64/winavr/bin/../lib/gcc/avr/4.3.3/avr5\libgcc.a(_pack_sf.o)
 .debug_line    0x0000104f      0x14b d:/diploma/atef/user library/zadic/imt_sdk_win_64/winavr/bin/../lib/gcc/avr/4.3.3/avr5\libgcc.a(_unpack_sf.o)
 .debug_line    0x0000119a      0x137 d:/diploma/atef/user library/zadic/imt_sdk_win_64/winavr/bin/../lib/gcc/avr/4.3.3/avr5\libgcc.a(_fpcmp_parts_sf.o)

.debug_frame    0x00000000      0x1a0
 *(.debug_frame)
 .debug_frame   0x00000000       0x20 d:/diploma/atef/user library/zadic/imt_sdk_win_64/winavr/bin/../lib/gcc/avr/4.3.3/avr5\libgcc.a(_fixunssfsi.o)
 .debug_frame   0x00000020       0x20 d:/diploma/atef/user library/zadic/imt_sdk_win_64/winavr/bin/../lib/gcc/avr/4.3.3/avr5\libgcc.a(_divdi3.o)
 .debug_frame   0x00000040       0x20 d:/diploma/atef/user library/zadic/imt_sdk_win_64/winavr/bin/../lib/gcc/avr/4.3.3/avr5\libgcc.a(_moddi3.o)
 .debug_frame   0x00000060       0x40 d:/diploma/atef/user library/zadic/imt_sdk_win_64/winavr/bin/../lib/gcc/avr/4.3.3/avr5\libgcc.a(_addsub_sf.o)
 .debug_frame   0x000000a0       0x20 d:/diploma/atef/user library/zadic/imt_sdk_win_64/winavr/bin/../lib/gcc/avr/4.3.3/avr5\libgcc.a(_mul_sf.o)
 .debug_frame   0x000000c0       0x20 d:/diploma/atef/user library/zadic/imt_sdk_win_64/winavr/bin/../lib/gcc/avr/4.3.3/avr5\libgcc.a(_gt_sf.o)
 .debug_frame   0x000000e0       0x20 d:/diploma/atef/user library/zadic/imt_sdk_win_64/winavr/bin/../lib/gcc/avr/4.3.3/avr5\libgcc.a(_ge_sf.o)
 .debug_frame   0x00000100       0x20 d:/diploma/atef/user library/zadic/imt_sdk_win_64/winavr/bin/../lib/gcc/avr/4.3.3/avr5\libgcc.a(_lt_sf.o)
 .debug_frame   0x00000120       0x20 d:/diploma/atef/user library/zadic/imt_sdk_win_64/winavr/bin/../lib/gcc/avr/4.3.3/avr5\libgcc.a(_sf_to_si.o)
 .debug_frame   0x00000140       0x20 d:/diploma/atef/user library/zadic/imt_sdk_win_64/winavr/bin/../lib/gcc/avr/4.3.3/avr5\libgcc.a(_pack_sf.o)
 .debug_frame   0x00000160       0x20 d:/diploma/atef/user library/zadic/imt_sdk_win_64/winavr/bin/../lib/gcc/avr/4.3.3/avr5\libgcc.a(_unpack_sf.o)
 .debug_frame   0x00000180       0x20 d:/diploma/atef/user library/zadic/imt_sdk_win_64/winavr/bin/../lib/gcc/avr/4.3.3/avr5\libgcc.a(_fpcmp_parts_sf.o)

.debug_str      0x00000000      0x31b
 *(.debug_str)
 .debug_str     0x00000000       0xbf d:/diploma/atef/user library/zadic/imt_sdk_win_64/winavr/bin/../lib/gcc/avr/4.3.3/avr5\libgcc.a(_fixunssfsi.o)
                                 0xfe (size before relaxing)
 .debug_str     0x000000bf       0x8c d:/diploma/atef/user library/zadic/imt_sdk_win_64/winavr/bin/../lib/gcc/avr/4.3.3/avr5\libgcc.a(_divdi3.o)
                                0x189 (size before relaxing)
 .debug_str     0x0000014b        0x9 d:/diploma/atef/user library/zadic/imt_sdk_win_64/winavr/bin/../lib/gcc/avr/4.3.3/avr5\libgcc.a(_moddi3.o)
                                0x189 (size before relaxing)
 .debug_str     0x00000154      0x14d d:/diploma/atef/user library/zadic/imt_sdk_win_64/winavr/bin/../lib/gcc/avr/4.3.3/avr5\libgcc.a(_addsub_sf.o)
                                0x206 (size before relaxing)
 .debug_str     0x000002a1       0x27 d:/diploma/atef/user library/zadic/imt_sdk_win_64/winavr/bin/../lib/gcc/avr/4.3.3/avr5\libgcc.a(_mul_sf.o)
                                0x1bf (size before relaxing)
 .debug_str     0x000002c8        0x8 d:/diploma/atef/user library/zadic/imt_sdk_win_64/winavr/bin/../lib/gcc/avr/4.3.3/avr5\libgcc.a(_gt_sf.o)
                                0x195 (size before relaxing)
 .debug_str     0x000002d0        0x8 d:/diploma/atef/user library/zadic/imt_sdk_win_64/winavr/bin/../lib/gcc/avr/4.3.3/avr5\libgcc.a(_ge_sf.o)
                                0x195 (size before relaxing)
 .debug_str     0x000002d8        0x8 d:/diploma/atef/user library/zadic/imt_sdk_win_64/winavr/bin/../lib/gcc/avr/4.3.3/avr5\libgcc.a(_lt_sf.o)
                                0x195 (size before relaxing)
 .debug_str     0x000002e0        0xa d:/diploma/atef/user library/zadic/imt_sdk_win_64/winavr/bin/../lib/gcc/avr/4.3.3/avr5\libgcc.a(_sf_to_si.o)
                                0x19e (size before relaxing)
 .debug_str     0x00000000      0x103 d:/diploma/atef/user library/zadic/imt_sdk_win_64/winavr/bin/../lib/gcc/avr/4.3.3/avr5\libgcc.a(_thenan_sf.o)
 .debug_str     0x00000000       0xf4 d:/diploma/atef/user library/zadic/imt_sdk_win_64/winavr/bin/../lib/gcc/avr/4.3.3/avr5\libgcc.a(_clz.o)
 .debug_str     0x000002ea       0x16 d:/diploma/atef/user library/zadic/imt_sdk_win_64/winavr/bin/../lib/gcc/avr/4.3.3/avr5\libgcc.a(_pack_sf.o)
                                0x19d (size before relaxing)
 .debug_str     0x00000300        0xb d:/diploma/atef/user library/zadic/imt_sdk_win_64/winavr/bin/../lib/gcc/avr/4.3.3/avr5\libgcc.a(_unpack_sf.o)
                                0x17f (size before relaxing)
 .debug_str     0x0000030b       0x10 d:/diploma/atef/user library/zadic/imt_sdk_win_64/winavr/bin/../lib/gcc/avr/4.3.3/avr5\libgcc.a(_fpcmp_parts_sf.o)
                                0x163 (size before relaxing)

.debug_loc      0x00000000     0x21c0
 *(.debug_loc)
 .debug_loc     0x00000000       0x34 d:/diploma/atef/user library/zadic/imt_sdk_win_64/winavr/bin/../lib/gcc/avr/4.3.3/avr5\libgcc.a(_fixunssfsi.o)
 .debug_loc     0x00000034      0xe71 d:/diploma/atef/user library/zadic/imt_sdk_win_64/winavr/bin/../lib/gcc/avr/4.3.3/avr5\libgcc.a(_divdi3.o)
 .debug_loc     0x00000ea5      0xb81 d:/diploma/atef/user library/zadic/imt_sdk_win_64/winavr/bin/../lib/gcc/avr/4.3.3/avr5\libgcc.a(_moddi3.o)
 .debug_loc     0x00001a26      0x32a d:/diploma/atef/user library/zadic/imt_sdk_win_64/winavr/bin/../lib/gcc/avr/4.3.3/avr5\libgcc.a(_addsub_sf.o)
 .debug_loc     0x00001d50      0x104 d:/diploma/atef/user library/zadic/imt_sdk_win_64/winavr/bin/../lib/gcc/avr/4.3.3/avr5\libgcc.a(_mul_sf.o)
 .debug_loc     0x00001e54       0x3c d:/diploma/atef/user library/zadic/imt_sdk_win_64/winavr/bin/../lib/gcc/avr/4.3.3/avr5\libgcc.a(_gt_sf.o)
 .debug_loc     0x00001e90       0x3c d:/diploma/atef/user library/zadic/imt_sdk_win_64/winavr/bin/../lib/gcc/avr/4.3.3/avr5\libgcc.a(_ge_sf.o)
 .debug_loc     0x00001ecc       0x3c d:/diploma/atef/user library/zadic/imt_sdk_win_64/winavr/bin/../lib/gcc/avr/4.3.3/avr5\libgcc.a(_lt_sf.o)
 .debug_loc     0x00001f08       0x7e d:/diploma/atef/user library/zadic/imt_sdk_win_64/winavr/bin/../lib/gcc/avr/4.3.3/avr5\libgcc.a(_sf_to_si.o)
 .debug_loc     0x00001f86      0x13e d:/diploma/atef/user library/zadic/imt_sdk_win_64/winavr/bin/../lib/gcc/avr/4.3.3/avr5\libgcc.a(_pack_sf.o)
 .debug_loc     0x000020c4       0xac d:/diploma/atef/user library/zadic/imt_sdk_win_64/winavr/bin/../lib/gcc/avr/4.3.3/avr5\libgcc.a(_unpack_sf.o)
 .debug_loc     0x00002170       0x50 d:/diploma/atef/user library/zadic/imt_sdk_win_64/winavr/bin/../lib/gcc/avr/4.3.3/avr5\libgcc.a(_fpcmp_parts_sf.o)

.debug_macinfo
 *(.debug_macinfo)
OUTPUT(Simple_Calc.elf elf32-avr)
LOAD linker stubs

.debug_ranges   0x00000000       0x80
 .debug_ranges  0x00000000       0x18 d:/diploma/atef/user library/zadic/imt_sdk_win_64/winavr/bin/../lib/gcc/avr/4.3.3/avr5\libgcc.a(_divdi3.o)
 .debug_ranges  0x00000018       0x18 d:/diploma/atef/user library/zadic/imt_sdk_win_64/winavr/bin/../lib/gcc/avr/4.3.3/avr5\libgcc.a(_moddi3.o)
 .debug_ranges  0x00000030       0x50 d:/diploma/atef/user library/zadic/imt_sdk_win_64/winavr/bin/../lib/gcc/avr/4.3.3/avr5\libgcc.a(_mul_sf.o)
